A51 MACRO ASSEMBLER  TEM1                                                                 10/26/2023 15:32:01 PAGE     1


MACRO ASSEMBLER A51 V8.2.7.0
OBJECT MODULE PLACED IN .\Objects\tem1.obj
ASSEMBLER INVOKED BY: D:\Keil_v5\C51\BIN\A51.EXE tem1.asm SET(SMALL) DEBUG PRINT(.\Listings\tem1.lst) OBJECT(.\Objects\t
                      em1.obj) EP

LOC  OBJ            LINE     SOURCE

                       1                      ;ORG    0000H
                       2                      ;SJMP   MAIN
                       3                      ;ORG    0040H
                       4     ;main:    MOV  30H, #86H
                       5                  ;MOV  31H, #79H
                       6                  ;MOV  A, 30H
                       7                      ;ANL  A, #0FH
                       8                      ;SWAP A
                       9                      ;MOV  B, A;保存
                      10                      ;MOV  A, 31H
                      11                      ;ANL  A, #0FH
                      12                      ;ORL  A, B
                      13                      ;CJNE A, #99H, COMP
                      14                      ;MOV  33H, A;等于
                      15                      ;SJMP LOOP2
                      16                      
                      17     ;COMP:    JNC  LOOP1
                      18                  ;MOV  32H, A;小于
                      19                      ;SJMP LOOP2
                      20                      
                      21     ;LOOP1:   MOV  34H, A;大于              
                      22                  ;SJMP LOOP2        
                      23                     
                      24     ;LOOP2:  SJMP $
                      25                      ;END
                      26             
*** WARNING #A41 IN 26 (tem1.asm, LINE 26): MISSING 'END' STATEMENT
A51 MACRO ASSEMBLER  TEM1                                                                 10/26/2023 15:32:01 PAGE     2

SYMBOL TABLE LISTING
------ ----- -------


N A M E             T Y P E  V A L U E   ATTRIBUTES



REGISTER BANK(S) USED: 0 


ASSEMBLY COMPLETE.  1 WARNING(S), 0 ERROR(S)
