C51 COMPILER V9.59.0.0   BUZZER                                                            05/28/2023 10:10:37 PAGE 1   


C51 COMPILER V9.59.0.0, COMPILATION OF MODULE BUZZER
OBJECT MODULE PLACED IN .\Objects\buzzer.obj
COMPILER INVOKED BY: D:\Keil_v5\C51\BIN\C51.EXE buzzer.c OPTIMIZE(8,SPEED) BROWSE DEBUG OBJECTEXTEND PRINT(.\Listings\bu
                    -zzer.lst) OBJECT(.\Objects\buzzer.obj)

line level    source

   1          #include <REGX51.H>
   2          
   3          //乐谱序列号
   4          #define P   0
   5          //低音
   6          #define L1  1
   7          #define L1_ 2  //加_是钢琴的黑键，升半音 
   8          #define L2  3
   9          #define L2_ 4
  10          #define L3  5
  11          #define L4  6
  12          #define L4_ 7
  13          #define L5  8
  14          #define L5_ 9
  15          #define L6  10
  16          #define L6_ 11
  17          #define L7  12
  18          //中音
  19          #define M1  13
  20          #define M1_ 14
  21          #define M2  15
  22          #define M2_ 16
  23          #define M3  17
  24          #define M4  18
  25          #define M4_ 19
  26          #define M5  20
  27          #define M5_ 21
  28          #define M6  22
  29          #define M6_ 23
  30          #define M7  24
  31          //高音
  32          #define H1  25
  33          #define H1_ 26
  34          #define H2  27
  35          #define H2_ 28
  36          #define H3  29
  37          #define H4  30
  38          #define H4_ 31
  39          #define H5  32
  40          #define H5_ 33
  41          #define H6  34
  42          #define H6_ 35
  43          #define H7  36
  44          /****************声音频率*****************/
  45          unsigned int code Freq[]={0,
  46                                                            63628,63731,63835,63928,64021,64103,64184,64260,64331,64399,64463,64524,
  47                                                            64580,64633,64684,64732,64777,64819,64860,64898,64934,64968,64999,65030,
  48                                                            65058,65085,65110,65134,65157,65178,65198,65217,65235,65252,65268,65283};
  49          unsigned int code Music_qifengle[]={
  50                  //1
  51                  L7,1,
  52                  M1,1,
  53                  M2,1,
  54                  M3,1,
C51 COMPILER V9.59.0.0   BUZZER                                                            05/28/2023 10:10:37 PAGE 2   

  55                  L3,1,
  56                  M5,1,
  57                  M3,4,
  58                  P,2,
  59                  P,4,
  60                  
  61                  //2
  62                  L7,1,
  63                  M1,1,
  64                  M2,1,
  65                  M3,1,
  66                  L2,2,
  67                  M5,1,
  68                  M3,1,
  69                  M2,1,
  70                  M3,1,
  71                  M1,1,
  72                  M2,1,
  73                  L7,1,
  74                  M1,1,
  75                  L5,1,
  76                  P,1,
  77                  
  78                  //3
  79                  L7,1,
  80                  M1,1,
  81                  M2,1,
  82                  M3,1,
  83                  L3,1,
  84                  M5,1,
  85                  M3,4,
  86                  P,2,
  87                  P,4,
  88                  
  89                  //4
  90                  L7,1,
  91                  M1,1,
  92                  M2,1,
  93                  M3,1,
  94                  L2,2,
  95                  M5,1,
  96                  M3,1,
  97                  M2,1,
  98                  M3,1,
  99                  M1,1,
 100                  M2,1,
 101                  L7,1,
 102                  M1,1,
 103                  L5,1,
 104                  P,1,
 105                  
 106                  //5
 107                  L5,4,
 108                  L5,4,
 109                  L6,4,
 110                  L6,4,
 111                  
 112                  //6
 113                  L6,4,
 114                  L6,4,
 115                  M3,4,
 116                  M3,4,
C51 COMPILER V9.59.0.0   BUZZER                                                            05/28/2023 10:10:37 PAGE 3   

 117                  
 118                  //7
 119                  L5,4,
 120                  L5,4,
 121                  L6,4,
 122                  L6,4,
 123                  
 124                  //8
 125                  M2,8,
 126                  M1_,8,
 127                  
 128                  //9
 129                  L2,4+2,
 130                  L1,2,
 131                  L2,4+2,
 132                  L1,2,
 133                  L2,2,
 134                  L3,2,
 135                  L5,2,
 136                  L3,2,
 137                  
 138                  //10
 139                  L2,4+2,
 140                  L1,2,
 141                  L2,4+2,
 142                  L1,2,
 143                  L2,1,
 144                  L3,1,
 145                  L2,1,
 146                  L1,1,
 147                  L5,2,
 148                  P,2,
 149                  
 150                  //11
 151                  L2,4+2,
 152                  L1,2,
 153                  L2,4+2,
 154                  L1,2,
 155                  L2,2,
 156                  L3,2,
 157                  L5,2,
 158                  L3,2,
 159                  
 160                  //12
 161                  L2,4+2,
 162                  L3,2,
 163                  L2,2,
 164                  L1,1,
 165                  L2,1,
 166                  L2,4,
 167                  P,4,
 168                  
 169                  
 170                  0xff
 171                  
 172          };
 173                  
 174                  
 175                  
 176          /*************乐谱手搓序列:天空之城****************/
 177          unsigned int code Music_skycity[]={
 178                  //上下加点表示音高，左右加横表示音时
C51 COMPILER V9.59.0.0   BUZZER                                                            05/28/2023 10:10:37 PAGE 4   

 179                  //1
 180                  P,4,
 181                  P,4,
 182                  P,4,
 183                  M6,2,
 184                  M7,2,
 185                  
 186                  //2
 187                  H1,4+2,
 188                  M7,2,
 189                  H1,4,
 190                  H3,4,
 191                  
 192                  //3
 193                  M7,4+4+4,
 194                  M3,4,
 195                  
 196                  //4
 197                  M6,4+2,
 198                  M5,2,
 199                  M6,4,
 200                  H1,4,
 201                  
 202                  //5
 203                  M5,4+4+4,
 204                  M4,2,
 205                  M3,2,
 206                  
 207                  //6
 208                  M4,6,
 209                  M3,2,
 210                  M4,4,
 211                  H1,4,
 212                  
 213                  //7
 214                  M3,6,
 215                  P,4,
 216                  H1,2,
 217                  H1,2,
 218                  H1,2,
 219                  
 220                  //8
 221                  M7,6,
 222                  M5_,2,
 223                  M5_,4,
 224                  M7,4,
 225                  
 226                  //9
 227                  M7,12,
 228                  M6,2,
 229                  M7,2,
 230                  
 231                  //10
 232                  H1,6,
 233                  M7,2,
 234                  H1,4,
 235                  H3,4,
 236                  
 237                  //11
 238                  M7,12,
 239                  M3,2,
 240                  M3,2,
C51 COMPILER V9.59.0.0   BUZZER                                                            05/28/2023 10:10:37 PAGE 5   

 241                  
 242                  //12
 243                  M6,6,
 244                  M5,2,
 245                  M6,4,
 246                  H1,4,
 247                  
 248                  //13
 249                  M5,12,
 250                  M3,4,
 251                  
 252                  //14
 253                  M4,4,
 254                  H1,2,
 255                  M7,6,
 256                  H1,4,
 257                  
 258                  //15
 259                  H2,4,
 260                  H3,2,
 261                  H1,8,
 262                  0,2,
 263                  
 264                  //16
 265                  H1,2,
 266                  M7,2,
 267                  M6,4,
 268                  M7,4,
 269                  M6_,4,
 270                  
 271                  //17
 272                  M6,12,
 273                  H1,2,
 274                  H2,2,
 275                  
 276                  //18
 277                  H3,6,
 278                  H2,2,
 279                  H3,4,
 280                  H5,4,
 281                  
 282                  //19
 283                  H2,12,
 284                  M5,2,
 285                  M5,2,
 286                  
 287                  //20
 288                  H1,6,
 289                  M7,2,
 290                  H1,4,
 291                  H3,4,
 292                  
 293                  //21
 294                  H3,16,
 295                  
 296                  //22
 297                  M6,2,
 298                  M7,2,
 299                  H1,4,
 300                  M7,2,
 301                  H1,2,
 302                  H2,4,
C51 COMPILER V9.59.0.0   BUZZER                                                            05/28/2023 10:10:37 PAGE 6   

 303                  
 304                  //23
 305                  H1,6,
 306                  M5,2,
 307                  M5,8,
 308                  
 309                  //24
 310                  H4,4,
 311                  H3,4,
 312                  H2,4,
 313                  H1,4,
 314                  
 315                  //25
 316                  H3,8,
 317                  
 318                  //26
 319                  H3,8,
 320                  P,4,
 321                  H3,4,
 322                  
 323                  //27
 324                  H6,8,
 325                  H5,8,
 326                  
 327                  //28
 328                  H3,4,
 329                  H2,2,
 330                  H1,8,
 331                  P,2,
 332                  
 333                  //29
 334                  H2,4,
 335                  H1,2,
 336                  H2,6,
 337                  H5,4,
 338                  
 339                  //30
 340                  H3,12,
 341                  H3,4,
 342                  
 343                  //31
 344                  H6,8,
 345                  H5,8,
 346                  
 347                  //32
 348                  H3,4,
 349                  H2,4,
 350                  H1,8,
 351                  P,2,
 352                  
 353                  //33
 354                  H2,4,
 355                  H1,2,
 356                  H2,6,
 357                  M7,4,
 358                  
 359                  //34
 360                  M6,12,
 361                  M6,2,
 362                  M7,2,
 363                  
 364                  //35
C51 COMPILER V9.59.0.0   BUZZER                                                            05/28/2023 10:10:37 PAGE 7   

 365                  M6,16,
 366                  
 367                  0xff};  
 368          
 369                  
 370                  


MODULE INFORMATION:   STATIC OVERLAYABLE
   CODE SIZE        =   ----    ----
   CONSTANT SIZE    =    930    ----
   XDATA SIZE       =   ----    ----
   PDATA SIZE       =   ----    ----
   DATA SIZE        =   ----    ----
   IDATA SIZE       =   ----    ----
   BIT SIZE         =   ----    ----
END OF MODULE INFORMATION.


C51 COMPILATION COMPLETE.  0 WARNING(S),  0 ERROR(S)
