C51 COMPILER V9.59.0.0   NIXIE                                                             05/16/2023 21:47:43 PAGE 1   


C51 COMPILER V9.59.0.0, COMPILATION OF MODULE NIXIE
OBJECT MODULE PLACED IN .\Objects\nixie.obj
COMPILER INVOKED BY: D:\Keil_v5\C51\BIN\C51.EXE nixie.c OPTIMIZE(8,SPEED) BROWSE DEBUG OBJECTEXTEND PRINT(.\Listings\nix
                    -ie.lst) OBJECT(.\Objects\nixie.obj)

line level    source

   1          #include <REGX51.H>
   2          #include "delay.h"
   3          
   4          unsigned char xianshi[]={0x3f,0x06,0x5b,0x4f,0x66,0x6d,0x7d,0x07,0x7f,0x6f,0x77,0x7c,0x39,0x5e,0x79,0x71,0
             -x00,0x40};
   5          unsigned char nixie_Buf[9]={0,16,16,16,16,16,16,16,16};
   6          
   7          void nixie(unsigned char location,number)
   8          {
   9   1              nixie_Buf[location]=number;
  10   1      }
  11          void nixie_xianshi(unsigned char location,number)
  12          {
  13   1                      //P2=0x00;//这一句放前面能有效解决残影问题
  14   1                      switch(location)
  15   1                      {
  16   2                              case 8:P2_4=1;P2_3=1;P2_2=1;break;//从左到右，对应87654321
  17   2                              case 7:P2_4=1;P2_3=1;P2_2=0;break;
  18   2                              case 6:P2_4=1;P2_3=0;P2_2=1;break;
  19   2                              case 5:P2_4=1;P2_3=0;P2_2=0;break;
  20   2                              case 4:P2_4=0;P2_3=1;P2_2=1;break;
  21   2                              case 3:P2_4=0;P2_3=1;P2_2=0;break;
  22   2                              case 2:P2_4=0;P2_3=0;P2_2=1;break;
  23   2                              case 1:P2_4=0;P2_3=0;P2_2=0;break;
  24   2                      }
  25   1                 // P2 = (P2&0xE3)|((location-1)<<2);
  26   1                      P0=xianshi[number];
  27   1                      delay100us(4);                              //消影，使上下两位数字显示留有时间间隔
  28   1                                                                  //定时器扫描数码管，不加任何延时,会让数码管响应更快
  29   1                                                                                                              //但是去掉延时，数码管无法动态显示
  30   1      }
  31          
  32          void nixie_Loop()
  33          {
  34   1              static unsigned char i=1;
  35   1              nixie_xianshi(i,nixie_Buf[i]);
  36   1              i++;
  37   1              if(i==9)i=1;
  38   1      }


MODULE INFORMATION:   STATIC OVERLAYABLE
   CODE SIZE        =    138    ----
   CONSTANT SIZE    =   ----    ----
   XDATA SIZE       =   ----    ----
   PDATA SIZE       =   ----    ----
   DATA SIZE        =     28    ----
   IDATA SIZE       =   ----    ----
   BIT SIZE         =   ----    ----
END OF MODULE INFORMATION.


C51 COMPILATION COMPLETE.  0 WARNING(S),  0 ERROR(S)
